// Jest Snapshot v1, https://goo.gl/fbAQLP

exports[`SeasonsList Component Tests Suit SeasonsList renders right and match snapshot 1`] = `
<div
  className="Container"
>
  <a
    className="Container"
    href="/seasons/2005"
    onClick={[Function]}
  >
    <img
      alt="image"
      src="finish-flag.png"
    />
    <h2>
      2005
    </h2>
  </a>
  <a
    className="Container"
    href="/seasons/2006"
    onClick={[Function]}
  >
    <img
      alt="image"
      src="finish-flag.png"
    />
    <h2>
      2006
    </h2>
  </a>
  <a
    className="Container"
    href="/seasons/2007"
    onClick={[Function]}
  >
    <img
      alt="image"
      src="finish-flag.png"
    />
    <h2>
      2007
    </h2>
  </a>
  <a
    className="Container"
    href="/seasons/2008"
    onClick={[Function]}
  >
    <img
      alt="image"
      src="finish-flag.png"
    />
    <h2>
      2008
    </h2>
  </a>
  <a
    className="Container"
    href="/seasons/2009"
    onClick={[Function]}
  >
    <img
      alt="image"
      src="finish-flag.png"
    />
    <h2>
      2009
    </h2>
  </a>
  <a
    className="Container"
    href="/seasons/2010"
    onClick={[Function]}
  >
    <img
      alt="image"
      src="finish-flag.png"
    />
    <h2>
      2010
    </h2>
  </a>
  <a
    className="Container"
    href="/seasons/2011"
    onClick={[Function]}
  >
    <img
      alt="image"
      src="finish-flag.png"
    />
    <h2>
      2011
    </h2>
  </a>
  <a
    className="Container"
    href="/seasons/2012"
    onClick={[Function]}
  >
    <img
      alt="image"
      src="finish-flag.png"
    />
    <h2>
      2012
    </h2>
  </a>
  <a
    className="Container"
    href="/seasons/2013"
    onClick={[Function]}
  >
    <img
      alt="image"
      src="finish-flag.png"
    />
    <h2>
      2013
    </h2>
  </a>
  <a
    className="Container"
    href="/seasons/2014"
    onClick={[Function]}
  >
    <img
      alt="image"
      src="finish-flag.png"
    />
    <h2>
      2014
    </h2>
  </a>
  <a
    className="Container"
    href="/seasons/2015"
    onClick={[Function]}
  >
    <img
      alt="image"
      src="finish-flag.png"
    />
    <h2>
      2015
    </h2>
  </a>
</div>
`;
